
EXPECT .: Did expect "AS2"                                                              
errors.hte:13: error: CLT0-0 Invalid argument(22)                                        FAILED
